---
source: crates/java-syntax/src/lexer.rs
expression: "lex_tokens(\"true false null\")"
---
[
    (
        True,
        "true",
    ),
    (
        Whitespace,
        " ",
    ),
    (
        False,
        "false",
    ),
    (
        Whitespace,
        " ",
    ),
    (
        Null,
        "null",
    ),
]
