---
source: crates/java-syntax/src/lexer.rs
expression: "lex_tokens(\"class interface enum record\")"
---
[
    (
        Class,
        "class",
    ),
    (
        Whitespace,
        " ",
    ),
    (
        Interface,
        "interface",
    ),
    (
        Whitespace,
        " ",
    ),
    (
        Enum,
        "enum",
    ),
    (
        Whitespace,
        " ",
    ),
    (
        Identifier,
        "record",
    ),
]
