---
source: crates/java-syntax/src/lexer.rs
expression: "lex_tokens(\"public static void main\")"
---
[
    (
        Public,
        "public",
    ),
    (
        Whitespace,
        " ",
    ),
    (
        Static,
        "static",
    ),
    (
        Whitespace,
        " ",
    ),
    (
        Void,
        "void",
    ),
    (
        Whitespace,
        " ",
    ),
    (
        Identifier,
        "main",
    ),
]
