---
source: crates/java-syntax/src/lexer.rs
expression: "lex_tokens(\"\\\"Outer \\\\{ \\\"Inner \\\\{x}\\\" }\\\"\")"
---
[
    (
        StringTemplateBegin,
        "\"Outer \\{",
    ),
    (
        Whitespace,
        " ",
    ),
    (
        StringTemplateBegin,
        "\"Inner \\{",
    ),
    (
        Identifier,
        "x",
    ),
    (
        StringTemplateEnd,
        "}\"",
    ),
    (
        Whitespace,
        " ",
    ),
    (
        StringTemplateEnd,
        "}\"",
    ),
]
