---
source: src/language/java.rs
expression: out
---
program [0-95] "class A {\n    void f() {\n     "
  class_declaration [0-94] "class A {\n    void f() {\n     "
    class [0-5] "class"
    identifier [6-7] "A"
    class_body [8-94] "{\n    void f() {\n        Strin"
      { [8-9] "{"
      method_declaration [14-92] "void f() {\n        String str "
        void_type [14-18] "void"
        identifier [19-20] "f"
        formal_parameters [20-22] "()"
          ( [20-21] "("
          ) [21-22] ")"
        block [23-92] "{\n        String str = \"hello\""
          { [23-24] "{"
          local_variable_declaration [33-76] "String str = \"hello\":\n        "
            type_identifier [33-39] "String"
            variable_declarator [40-75] "str = \"hello\":\n        var b1 "
              identifier [40-43] "str"
              = [44-45] "="
              ERROR [46-66] "\"hello\":\n        var"
                string_literal [46-53] "\"hello\""
                  " [46-47] "\""
                  string_fragment [47-52] "hello"
                  " [52-53] "\""
                : [53-54] ":"
                type_identifier [63-66] "var"
              assignment_expression [67-75] "b1 = str"
                identifier [67-69] "b1"
                = [70-71] "="
                identifier [72-75] "str"
            ; [75-76] ";"
          expression_statement [85-86] "b"
            identifier [85-86] "b"
            ; [86-86] ""
          } [91-92] "}"
      } [93-94] "}"
