---
source: src/language/java.rs
expression: out
---
program [0-456] "package org.cubewhy.relx;\npubl"
  package_declaration [0-25] "package org.cubewhy.relx;"
    package [0-7] "package"
    scoped_identifier [8-24] "org.cubewhy.relx"
      scoped_identifier [8-19] "org.cubewhy"
        identifier [8-11] "org"
        . [11-12] "."
        identifier [12-19] "cubewhy"
      . [19-20] "."
      identifier [20-24] "relx"
    ; [24-25] ";"
  class_declaration [26-455] "public class Agent {\n    priva"
    modifiers [26-32] "public"
      public [26-32] "public"
    class [33-38] "class"
    identifier [39-44] "Agent"
    class_body [45-455] "{\n    private static Object in"
      { [45-46] "{"
      field_declaration [51-78] "private static Object inst;"
        modifiers [51-65] "private static"
        type_identifier [66-72] "Object"
        variable_declarator [73-77] "inst"
        ; [77-78] ";"
      method_declaration [83-215] "public static void premain(Str"
        modifiers [83-96] "public static"
        void_type [97-101] "void"
        identifier [102-109] "premain"
        formal_parameters [109-135] "(String args, Object inst)"
        throws [136-152] "throws Exception"
        block [153-215] "{\n        Agent.inst = inst;\n "
      method_declaration [220-453] "public static void agentmain(S"
        modifiers [220-233] "public static"
        void_type [234-238] "void"
        identifier [239-248] "agentmain"
        formal_parameters [248-274] "(String args, Object inst)"
        throws [275-291] "throws Exception"
        block [292-453] "{\n        Agent.inst = inst;\n "
      } [454-455] "}"
